// Jest Snapshot v1, https://goo.gl/fbAQLP

exports[`data correctly sent to chart generation function 1`] = `[MockFunction]`;
